# 环境健康检查报告

**检查时间**: 2026-02-23 10:36:46  
**报告ID**: 20260223-103646  
**健康状态**: WARNING  
**健康分数**: 95/100

## 检查摘要

| 项目 | 状态 | 数量 |
|------|------|------|
| 严重问题 | 🔴 | 0 |
| 警告 | 🟡 | 1 |

## 系统信息

- **主机名**: iv-yeg98vun7k4c5qvhjjff
- **操作系统**: GNU/Linux
- **内核版本**: 6.8.0-55-generic
- **架构**: x86_64
- **运行时间**: up 1 day, 15 hours, 28 minutes

## 资源使用

### 磁盘空间
```
Filesystem      Size  Used Avail Use% Mounted on
tmpfs           392M  1.2M  391M   1% /run
efivarfs         56K   17K   35K  33% /sys/firmware/efi/efivars
/dev/vda2        40G  8.4G   30G  23% /
tmpfs           2.0G     0  2.0G   0% /dev/shm
tmpfs           5.0M     0  5.0M   0% /run/lock
/dev/vda1       197M  6.2M  191M   4% /boot/efi
tmpfs           392M   16K  392M   1% /run/user/0
```

### 内存使用
```
               total        used        free      shared  buff/cache   available
Mem:           3.8Gi       1.6Gi       157Mi       2.7Mi       2.3Gi       2.2Gi
Swap:             0B          0B          0B
```

### 系统负载
```
 10:36:46 up 1 day, 15:28,  0 user,  load average: 1.41, 0.39, 0.13
```

## 建议操作

- 存在警告项，建议检查并优化
